2026-09-26 12:58:02,020 | INFO | start | main | запуск | START | Единый pipeline
2026-09-26 12:58:02,033 | INFO | load | data_loader | файл | PASS | opex_ammonia_raw.csv: строк=6, SHA256=549f22e5712851750382cde8291ca312d92e504989d7b6ecc3cd2d3861987bfa, кодировка=utf-8-sig
2026-09-26 12:58:02,033 | INFO | audit | data_loader | структура | PASS | opex_ammonia_raw.csv: столбцы=['Resource_Name', 'Resource_Type', 'Specific_Consumption_si', 'Consumption_Unit', 'Price_pi_USD', 'Price_Unit', 'Cost_per_ton_USD'], пропуски={'Resource_Name': 0, 'Resource_Type': 0, 'Specific_Consumption_si': 0, 'Consumption_Unit': 0, 'Price_pi_USD': 0, 'Price_Unit': 0, 'Cost_per_ton_USD': 0}, дубликаты=0, диапазоны={'Specific_Consumption_si': [1.0, 150.0], 'Price_pi_USD': [0.05, 8.0], 'Cost_per_ton_USD': [0.4, 224.0]}
2026-09-26 12:58:02,033 | INFO | load | data_loader | файл | PASS | opex_ammonia_fixed.csv: строк=6, SHA256=d524969f81a3bc562dd79299490fb6efda0bfb60314dd115f3a188d90a3e3ef8, кодировка=utf-8-sig
2026-09-26 12:58:02,033 | INFO | audit | data_loader | структура | PASS | opex_ammonia_fixed.csv: столбцы=['Cost_Item', 'Annual_Cost_MUSD', 'Description'], пропуски={'Cost_Item': 0, 'Annual_Cost_MUSD': 0, 'Description': 0}, дубликаты=0, диапазоны={'Annual_Cost_MUSD': [2.0, 16.2]}
2026-09-26 12:58:02,033 | INFO | load | data_loader | файл | PASS | khimmash_bom_opex.csv: строк=5, SHA256=adb81eeb192b9d5de80d7d6039380132b2c6bc1132f8dcc36eea4e90eb650024, кодировка=utf-8-sig
2026-09-26 12:58:02,033 | INFO | audit | data_loader | структура | PASS | khimmash_bom_opex.csv: столбцы=['Cost_Item', 'Cost_Per_Unit_MUSD', 'Share_in_Variable_Pct', 'Engineering_Details'], пропуски={'Cost_Item': 0, 'Cost_Per_Unit_MUSD': 0, 'Share_in_Variable_Pct': 0, 'Engineering_Details': 0}, дубликаты=0, диапазоны={'Cost_Per_Unit_MUSD': [0.25, 1.35], 'Share_in_Variable_Pct': [6.95, 37.54]}
2026-09-26 12:58:02,033 | INFO | load | data_loader | файл | PASS | khimmash_fixed_opex.csv: строк=7, SHA256=35071325f6ecc5ee9b672c570ba02730dca341f8c2362e54662b8b6f93b995b7, кодировка=utf-8-sig
2026-09-26 12:58:02,033 | INFO | audit | data_loader | структура | PASS | khimmash_fixed_opex.csv: столбцы=['Cost_Item', 'Annual_Cost_MUSD', 'Is_Step_Fixed', 'Can_Be_Saved_at_Low_Load_MUSD'], пропуски={'Cost_Item': 0, 'Annual_Cost_MUSD': 0, 'Is_Step_Fixed': 0, 'Can_Be_Saved_at_Low_Load_MUSD': 0}, дубликаты=0, диапазоны={'Annual_Cost_MUSD': [1.5, 9.9], 'Can_Be_Saved_at_Low_Load_MUSD': [0.0, 3.0]}
2026-09-26 12:58:02,033 | INFO | load | data_loader | файл | PASS | streams_energy_balance.csv: строк=10, SHA256=064f6008ec30c3e1d8b8598b1eb6ce6b142fe46a6cd2714183d02682994128b7, кодировка=utf-8-sig
2026-09-26 12:58:02,033 | INFO | audit | data_loader | структура | PASS | streams_energy_balance.csv: столбцы=['Stream_ID', 'Stream_Name', 'Mass_Flow_kg_s', 'Temperature_C', 'Pressure_bar', 'Enthalpy_kJ_kg', 'Entropy_kJ_kg_K'], пропуски={'Stream_ID': 0, 'Stream_Name': 0, 'Mass_Flow_kg_s': 0, 'Temperature_C': 0, 'Pressure_bar': 0, 'Enthalpy_kJ_kg': 0, 'Entropy_kJ_kg_K': 0}, дубликаты=0, диапазоны={'Mass_Flow_kg_s': [15.0, 837.3], 'Temperature_C': [-5.0, 480.0], 'Pressure_bar': [3.0, 180.0], 'Enthalpy_kJ_kg': [104.9, 3450.0], 'Entropy_kJ_kg_K': [0.367, 8.95]}
2026-09-26 12:58:02,033 | INFO | load | data_loader | файл | PASS | sequential_chain_speco.csv: строк=5, SHA256=fa948baec0ca824a42506e7d2935de97740850f6570f345a4c156f8ef107702f, кодировка=utf-8-sig
2026-09-26 12:58:02,033 | INFO | audit | data_loader | структура | PASS | sequential_chain_speco.csv: столбцы=['Stage_Number', 'Unit_Name', 'Exergy_Fuel_In_MW', 'Exergy_Product_Out_MW', 'Exergy_Destruction_MW', 'Exergetic_Efficiency_eta', 'Z_dot_USD_per_h'], пропуски={'Stage_Number': 0, 'Unit_Name': 0, 'Exergy_Fuel_In_MW': 0, 'Exergy_Product_Out_MW': 0, 'Exergy_Destruction_MW': 0, 'Exergetic_Efficiency_eta': 0, 'Z_dot_USD_per_h': 0}, дубликаты=0, диапазоны={'Stage_Number': [1.0, 5.0], 'Exergy_Fuel_In_MW': [20.48, 50.0], 'Exergy_Product_Out_MW': [16.38, 40.0], 'Exergy_Destruction_MW': [4.1, 10.0], 'Exergetic_Efficiency_eta': [0.8, 0.8], 'Z_dot_USD_per_h': [60.0, 250.0]}
2026-09-26 12:58:02,033 | INFO | load | data_loader | файл | PASS | project_economic_constants.json: строк=1, SHA256=b1025fac1aef1fab2cade2fc1c954677a17aca00e054c97c2ab201c933d16b8f, кодировка=utf-8
2026-09-26 12:58:02,033 | INFO | audit | data_loader | структура | PASS | project_economic_constants.json: столбцы=['Study_Object', 'Base_Year', 'Annual_Work_Hours_tau_a', 'Discount_Rate_r', 'Equipment_Lifetime_Years_T', 'Capital_Recovery_Factor_CRF', 'Tariffs_and_Market_Prices', 'Heat_Exchanger_Optimization_Params'], пропуски={}, дубликаты=0, диапазоны={}
2026-09-26 12:58:02,033 | INFO | load | data_loader | файл | PASS | compressors_parallel.json: строк=1, SHA256=ec96cb8f620e8847adfa0ce2acdb8f886d4d6c64a42262866d68c750e3b9f0b6, кодировка=utf-8
2026-09-26 12:58:02,033 | INFO | audit | data_loader | структура | PASS | compressors_parallel.json: столбцы=['System_Description', 'Total_Mass_Flow_kg_s', 'Discharge_Pressure_MPa', 'Electricity_Tariff_USD_per_kWh', 'Electricity_Tariff_USD_per_kJ', 'Annual_Operating_Hours', 'Compressor_1_Piston', 'Compressor_2_Screw_VFD', 'Analytical_Solution'], пропуски={}, дубликаты=0, диапазоны={}
2026-09-26 12:58:02,033 | INFO | load | data_loader | файл | PASS | exergy_cogen_speco.json: строк=1, SHA256=4cf92b0f86c158c2976299d61387dabd310d410dd2a2b4cf4916274b7210bed6, кодировка=utf-8
2026-09-26 12:58:02,033 | INFO | audit | data_loader | структура | PASS | exergy_cogen_speco.json: столбцы=['Unit_Name', 'Ambient_Temperature_T0_K', 'Ambient_Pressure_P0_kPa', 'High_Pressure_Steam_Inlet', 'Low_Pressure_Steam_Outlet', 'Electrical_Shaft_Power_Outlet', 'Exergy_Destruction_MW', 'Exergy_Destruction_GJ_per_h', 'Capital_and_Opex_Fix_Rate_Z_USD_per_h', 'Evaluation_Models'], пропуски={}, дубликаты=0, диапазоны={}
2026-09-26 12:58:02,033 | INFO | load | data_loader | файл | PASS | project_input_data_module2.xlsx: строк=42, SHA256=15bca745284df019c9df04b845897c2e2625c638b4cc7d9b6b580c412339f90b, кодировка=xlsx
2026-09-26 12:58:02,033 | INFO | audit | data_loader | структура | PASS | project_input_data_module2.xlsx: столбцы=['OPEX_Ammonia_Var', 'OPEX_Ammonia_Fix', 'KhimMash_BOM_Var', 'KhimMash_Fix', 'Energy_Balance', 'Sequential_Chain', 'Cogen_Turbine_Inlet', 'Compressors_Summary', 'Tariffs_Utilities'], пропуски={}, дубликаты=0, диапазоны={}
2026-09-26 12:58:02,414 | INFO | calculate | metrics | OPEX/energy/exergy/SPECO/chain/compressors/heat | CALCULATED | единицы USD, MUSD, MW, GJ/h проверены
2026-09-26 12:58:02,414 | INFO | task1 | opex | OPEX: Q·Σ(s_i·p_i)+ΣF_j | CALCULATED | аммиак база=347.6000 USD/т; ХимМаш база=5.9960 MUSD/шт
2026-09-26 12:58:02,414 | INFO | task2 | materials | m_gross=m_net/(1-f_scrap); C_labor=Q·Σ(t·r) | PARTIALLY_CALCULATED | агрегированный BOM=0.4960 MUSD/шт
2026-09-26 12:58:02,415 | INFO | task3 | energy | Σm_in·h+W+Q_in=Σm_out·h+Q_loss | PARTIALLY_CALCULATED | невязка КУ=5600.0 кВт
2026-09-26 12:58:02,415 | INFO | task4 | exergy | Ex_F=Ex_P+Ex_dest+Ex_loss | PARTIALLY_CALCULATED | турбина η=0.9500; невязка=0.000000 МВт
2026-09-26 12:58:02,415 | INFO | task5-6 | speco | SPECO: C_F+Z=C_P+C_loss | CALCULATED | F-rule=19.4000; P-rule=13.9474 USD/ГДж
2026-09-26 12:58:02,415 | INFO | task7 | chain | c_P,N=A·c_F,1+B | PARTIALLY_CALCULATED | A=3.051758; B=10.681152 USD/ГДж
2026-09-26 12:58:02,415 | INFO | task8 | compressors | Компрессоры: W=m1·w1+m2·w2 | VALIDATED | m1=0.7500 кг/с; метод=scipy.optimize.minimize_scalar; экономия=21600.00 USD/год
2026-09-26 12:58:02,415 | INFO | task9 | heat_exchanger | TAC=CRF·CAPEX+τ_a·c_F·Ex_dest | SKIPPED_MISSING_INPUT | k_gj_per_h_k для Ex_dest = k·DeltaT
2026-09-26 12:58:02,415 | WARNING | validate | harness | Баланс КУ: нераспределённое тепло | WARNING | Невязка 5600.0 кВт; не задан отдельный поток потерь/отбора
2026-09-26 12:58:02,415 | WARNING | validate | harness | Полный OPEX утилит | SKIPPED_MISSING_INPUT | W_el аммиачного завода; расход покупного пара; подтверждённый экспорт выработанного пара
2026-09-26 12:58:02,415 | WARNING | validate | harness | Физическая эксергия потоков | SKIPPED_MISSING_INPUT | h0, s0 для каждого состава потока при T0, P0
2026-09-26 12:58:02,415 | WARNING | validate | harness | Химическая эксергия потоков | SKIPPED_MISSING_INPUT | x_i, a_i, стандартные химические эксергии
2026-09-26 12:58:02,415 | WARNING | validate | harness | Гуй–Стодола по потокам | SKIPPED_MISSING_INPUT | полный энтропийный баланс и температуры обмена теплом
2026-09-26 12:58:02,415 | WARNING | validate | harness | Абсолютная стоимость цепочки и f_k | SKIPPED_MISSING_INPUT | c_F,1 для sequential_chain_speco.csv
2026-09-26 12:58:02,416 | WARNING | validate | harness | Оптимум теплообменника | SKIPPED_MISSING_INPUT | k_gj_per_h_k для Ex_dest = k·DeltaT
2026-09-26 12:58:02,416 | WARNING | validate | harness | Детальный scrap | SKIPPED_MISSING_INPUT | m_net,i; f_scrap,i; p_i по материалам
2026-09-26 12:58:03,528 | INFO | test | pytest | расчётные и загрузочные тесты | PASS | 10 passed in 0.66s
2026-09-26 12:58:03,623 | INFO | report | excel | экспорт | PASS | 4 листа
2026-09-26 12:58:04,080 | INFO | report | word | экспорт | PASS | шаблон заполнен
2026-09-26 12:58:04,161 | INFO | finish | main | завершение | PASS | артефакты созданы и проверены
